13:20:58 [INFO] 正在查找游戏窗口...
13:20:58 [INFO] 找到窗口: Backpack Battles (PID=18616, 0x0)
13:20:58 [INFO] 正在连接进程 PID=18616...
13:20:58 [INFO] ✓ 初始化完成
13:20:58 [INFO] 正在扫描内存中的关键数值...
13:21:01 [INFO] 金币地址: 0x10002030, 当前值: 10
13:21:01 [INFO] HP 地址: 0x10002370, 当前值: 5
13:21:02 [INFO] 回合地址: 0x10001158, 当前值: 1
13:21:02 [INFO] ✓ 内存扫描完成
13:21:22 [INFO] --- 第 1 回合 ---
13:21:22 [INFO] HP: 5/5 金币: 10
13:21:32 [INFO] --- 第 1 回合 ---
13:21:32 [INFO] HP: 5/5 金币: 10
13:21:36 [INFO] --- 第 1 回合 ---
13:21:36 [INFO] HP: 5/5 金币: 10
13:22:05 [INFO] --- 第 1 回合 ---
13:22:05 [INFO] HP: 5/5 金币: 10
13:22:08 [INFO] 正在查找游戏窗口...
13:22:08 [INFO] 找到窗口: Backpack Battles (PID=18616, 1920x986)
13:22:08 [INFO] 正在连接进程 PID=18616...
13:22:08 [INFO] ✓ 初始化完成
13:22:08 [INFO] 正在扫描内存中的关键数值...
13:22:11 [INFO] 金币地址: 0x10002030, 当前值: 10
13:22:11 [INFO] HP 地址: 0x10002370, 当前值: 5
13:22:11 [INFO] 回合地址: 0x10001158, 当前值: 1
13:22:11 [INFO] ✓ 内存扫描完成
13:22:18 [INFO] ==================================================
13:22:18 [INFO] 背包乱斗 AI 机器人启动（外置模式）
13:22:18 [INFO] ==================================================
13:22:18 [INFO] --- 第 1 回合 ---
13:22:18 [INFO] HP: 5/5 金币: 10
13:22:18 [ERROR] 运行错误: 'dict' object has no attribute 'player'
13:22:18 [ERROR] Traceback (most recent call last):
  File "core\bot.py", line 335, in start
  File "core\bot.py", line 215, in run_round
  File "core\ai_interface.py", line 90, in decide
AttributeError: 'dict' object has no attribute 'player'

13:22:18 [INFO] 机器人已停止
