13:45:32 [INFO] 正在查找游戏窗口...
13:45:32 [INFO] 找到窗口: Backpack Battles (PID=18616, 0x0)
13:45:32 [INFO] 正在连接进程 PID=18616...
13:45:33 [INFO] ✓ 初始化完成
13:45:33 [INFO] 内存数值需要手动校准（单轮自动扫描不可靠）。
13:45:33 [INFO] 请在「内存校准」面板输入游戏中实际看到的数值进行扫描与缩小。
13:46:25 [INFO] [校准/gold] 首次扫描 = 12 → 154855 个候选
13:46:40 [INFO] [校准/gold] 首次扫描 = 10 → 125967 个候选
13:47:28 [INFO] [校准/gold] 首次扫描 = 7 → 156536 个候选
13:47:50 [INFO] [校准/gold] 缩小到 = 2 → 剩余 86 个候选
13:48:04 [INFO] [校准/gold] 缩小到 = 2 → 剩余 52 个候选
13:48:08 [INFO] [校准/gold] 缩小到 = 1 → 剩余 0 个候选
13:48:12 [INFO] 正在查找游戏窗口...
13:48:12 [INFO] 找到窗口: Backpack Battles (PID=18616, 1920x974)
13:48:12 [INFO] 正在连接进程 PID=18616...
13:48:13 [INFO] ✓ 初始化完成
13:48:13 [INFO] 内存数值需要手动校准（单轮自动扫描不可靠）。
13:48:13 [INFO] 请在「内存校准」面板输入游戏中实际看到的数值进行扫描与缩小。
13:48:58 [INFO] [校准/gold] 首次扫描 = 13 → 63578 个候选
13:49:17 [INFO] [校准/gold] 缩小到 = 10 → 剩余 18 个候选
13:49:24 [INFO] [校准/gold] 缩小到 = 8 → 剩余 3 个候选
13:49:35 [INFO] [校准/gold] 缩小到 = 7 → 剩余 3 个候选
13:49:41 [INFO] [校准/gold] 缩小到 = 5 → 剩余 3 个候选
13:49:50 [INFO] [校准/gold] 缩小到 = 4 → 剩余 3 个候选
